// Jest Snapshot v1, https://goo.gl/fbAQLP

exports[`Snapshot Tests Blog page snapshot 1`] = `
<div>
  <nav
    class="main-nav"
  >
    <div
      class="container"
    >
      <ul
        class="nav-list"
      >
        <li>
          <a
            class="nav-link"
            href="/#about"
          >
            About Me
          </a>
        </li>
        <li>
          <a
            class="nav-link"
            href="/#expertise"
          >
            Core Expertise
          </a>
        </li>
        <li>
          <a
            class="nav-link"
            href="/#experience"
          >
            Experience
          </a>
        </li>
        <li>
          <a
            class="nav-link"
            href="/#projects"
          >
            Data Projects
          </a>
        </li>
        <li>
          <a
            class="nav-link"
            href="/blog"
          >
            Tech Blog
          </a>
        </li>
        <li>
          <a
            class="nav-link"
            href="/#contact"
          >
            Contact
          </a>
        </li>
      </ul>
      <button
        aria-label="Toggle dark mode"
        class="theme-toggle"
        id="theme-toggle"
      >
        <span
          class="theme-toggle-icon"
        >
          🌙
        </span>
      </button>
    </div>
  </nav>
  <main>
    <header
      class="blog-header"
    >
      <div
        class="container"
      >
        <h1>
          Technical Blog
        </h1>
        <p
          class="blog-subtitle"
        >
          Data Engineering Insights & Best Practices
        </p>
      </div>
    </header>
    <div
      class="blog-main"
    >
      <div
        class="container"
      >
        <div
          class="blog-grid"
        >
          <article
            class="blog-card"
          >
            <h3>
              <a
                href="/blog/2025-08-31-hello-world"
              >
                Hello World: Building Scalable Data Pipelines
              </a>
            </h3>
            <div
              class="post-meta"
            >
              <span
                class="post-date"
              >
                August 31, 2025
              </span>
            </div>
            <p
              class="post-description"
            >
              An introduction to my blog and insights on building enterprise-scale data pipelines at Disney and beyond.
            </p>
            <div
              class="post-tags"
            >
              <span
                class="tag"
              >
                data-engineering
              </span>
              <span
                class="tag"
              >
                pipelines
              </span>
              <span
                class="tag"
              >
                snowflake
              </span>
              <span
                class="tag"
              >
                apache-flink
              </span>
            </div>
            <a
              class="read-more"
              href="/blog/2025-08-31-hello-world"
            >
              Read More →
            </a>
          </article>
        </div>
      </div>
    </div>
  </main>
  <footer
    class="site-footer"
  >
    <div
      class="container"
    >
      <p
        class="footer-text"
      >
        © 2025 Daniel Christensen | 
         
        <a
          class="footer-link"
          href="https://github.com/christensendaniel/christensendaniel.github.io"
        >
          View on GitHub
        </a>
      </p>
    </div>
  </footer>
</div>
`;

exports[`Snapshot Tests Home page snapshot 1`] = `
<div>
  <nav
    class="main-nav"
  >
    <div
      class="container"
    >
      <ul
        class="nav-list"
      >
        <li>
          <a
            class="nav-link"
            href="/#about"
          >
            About Me
          </a>
        </li>
        <li>
          <a
            class="nav-link"
            href="/#expertise"
          >
            Core Expertise
          </a>
        </li>
        <li>
          <a
            class="nav-link"
            href="/#experience"
          >
            Experience
          </a>
        </li>
        <li>
          <a
            class="nav-link"
            href="/#projects"
          >
            Data Projects
          </a>
        </li>
        <li>
          <a
            class="nav-link"
            href="/blog"
          >
            Tech Blog
          </a>
        </li>
        <li>
          <a
            class="nav-link"
            href="/#contact"
          >
            Contact
          </a>
        </li>
      </ul>
      <button
        aria-label="Toggle dark mode"
        class="theme-toggle"
        id="theme-toggle"
      >
        <span
          class="theme-toggle-icon"
        >
          🌙
        </span>
      </button>
    </div>
  </nav>
  <main>
    <header
      class="hero"
    >
      <div
        class="container"
      >
        <div
          class="hero-content"
        >
          <h1
            class="hero-title"
          >
            Daniel B. Christensen
          </h1>
          <p
            class="hero-tagline"
          >
            Full Stack Data Engineer specializing in scalable data pipelines, real-time analytics, and cloud-native solutions
          </p>
          <div
            class="hero-summary"
          >
            <p>
              Full stack data engineer with 7+ years of expertise in batch and streaming pipelines, real-time analytics, and building cloud-native solutions on AWS and Azure. Experienced in Python, Java, SQL, and modern data tools including Apache Flink, Snowflake, and Kubernetes. Currently optimizing enterprise-scale data infrastructure at The Walt Disney Company, achieving 30% performance improvements and significant cost reductions.
            </p>
          </div>
          <div
            class="hero-meta"
          >
            <span
              class="hero-company"
            >
              🏢 The Walt Disney Company
            </span>
            <span
              class="hero-location"
            >
              📍 Senior Data Engineer
            </span>
          </div>
          <div
            class="hero-cta"
          >
            <a
              class="btn btn-primary"
              href="#contact"
            >
              Get In Touch
            </a>
            <a
              class="btn btn-secondary"
              href="#projects"
            >
              View Projects
            </a>
          </div>
        </div>
      </div>
    </header>
    <nav
      class="side-nav"
    >
      <a
        class="side-nav-link"
        data-section="About"
        href="#about"
      />
      <a
        class="side-nav-link"
        data-section="Expertise"
        href="#expertise"
      />
      <a
        class="side-nav-link"
        data-section="Experience"
        href="#experience"
      />
      <a
        class="side-nav-link"
        data-section="Projects"
        href="#projects"
      />
      <a
        class="side-nav-link"
        data-section="Education"
        href="#education"
      />
      <a
        class="side-nav-link"
        data-section="Contact"
        href="#contact"
      />
    </nav>
    <section
      class="section"
      id="about"
    >
      <div
        class="container"
      >
        <h2
          class="section-title"
        >
          About Me
        </h2>
        <div
          class="about-section-content"
        >
          <div
            class="about-content"
          >
            <p
              class="lead"
            >
              I'm Daniel B. Christensen, a senior data engineer with over 7 years of experience designing and implementing mission-critical data pipelines and real-time data platforms. Currently working full-time with 
              <strong>
                The Walt Disney Company
              </strong>
              , where I've improved event-based data query performance by 30% and significantly reduced Snowflake compute costs through advanced performance tuning and optimization strategies.
            </p>
            <p>
              My expertise spans the entire data lifecycle—from ingestion and transformation to modeling and visualization. I've built sub-2-minute latency streaming infrastructures using Apache Flink, managed ETL/ELT pipelines processing millions of records monthly, and architected FastAPI platforms handling 2M+ requests per month. I specialize in creating scalable, reliable systems using Python, Apache Airflow, Apache Flink, Snowflake, FastAPI, and cloud platforms like AWS and Azure.
            </p>
            <p>
              Beyond technical implementation, I bring leadership and mentorship to teams, optimizing workflows and delivering data solutions that drive measurable business value. My approach combines robust engineering practices with a focus on cost optimization, performance tuning, and maintainability.
            </p>
            <div
              class="about-stats-grid"
            >
              <div
                class="about-stat-card"
              >
                <span
                  class="about-stat-number"
                >
                  7+
                </span>
                <span
                  class="about-stat-label"
                >
                  Years Experience
                </span>
              </div>
              <div
                class="about-stat-card"
              >
                <span
                  class="about-stat-number"
                >
                  2M+
                </span>
                <span
                  class="about-stat-label"
                >
                  Requests/Month
                </span>
              </div>
              <div
                class="about-stat-card"
              >
                <span
                  class="about-stat-number"
                >
                  30%
                </span>
                <span
                  class="about-stat-label"
                >
                  Cost Reduction
                </span>
              </div>
              <div
                class="about-stat-card"
              >
                <span
                  class="about-stat-number"
                >
                  &lt;2min
                </span>
                <span
                  class="about-stat-label"
                >
                  Pipeline Latency
                </span>
              </div>
            </div>
          </div>
        </div>
      </div>
    </section>
    <section
      class="section section-alt"
      id="expertise"
    >
      <div
        class="container"
      >
        <h2
          class="section-title"
        >
          Core Expertise
        </h2>
        <div
          class="expertise-grid"
        >
          <div
            class="expertise-card"
          >
            <div
              class="card-icon"
            >
              🔧
            </div>
            <h3>
              Data Pipeline Engineering
            </h3>
            <ul
              class="expertise-list"
            >
              <li>
                <strong>
                  Real-time & Batch Processing
                </strong>
                : Built event-driven pipelines with &lt;2-minute latency using Apache Flink
              </li>
              <li>
                <strong>
                  Scale
                </strong>
                : Architected systems handling 2M+ requests/month and 5M+ row syncs
              </li>
              <li>
                <strong>
                  Orchestration
                </strong>
                : Expert in Apache Airflow, Cron, and workflow automation
              </li>
              <li>
                <strong>
                  Cost Optimization
                </strong>
                : Reduced Snowflake compute costs by 30% through query optimization and warehouse management
              </li>
              <li>
                <strong>
                  Performance Tuning
                </strong>
                : Expert in Snowflake performance optimization, clustering strategies, and cost management
              </li>
            </ul>
          </div>
          <div
            class="expertise-card"
          >
            <div
              class="card-icon"
            >
              💻
            </div>
            <h3>
              Technical Stack
            </h3>
            <div
              class="tech-stack"
            >
              <div
                class="tech-category"
              >
                <h4>
                  Languages
                </h4>
                <div
                  class="tech-tags"
                >
                  <span
                    class="tech-tag"
                  >
                    Python
                  </span>
                  <span
                    class="tech-tag"
                  >
                    SQL
                  </span>
                  <span
                    class="tech-tag"
                  >
                    JavaScript
                  </span>
                  <span
                    class="tech-tag"
                  >
                    Bash
                  </span>
                  <span
                    class="tech-tag"
                  >
                    R
                  </span>
                </div>
              </div>
              <div
                class="tech-category"
              >
                <h4>
                  Data Platforms
                </h4>
                <div
                  class="tech-tags"
                >
                  <span
                    class="tech-tag"
                  >
                    Snowflake
                  </span>
                  <span
                    class="tech-tag"
                  >
                    BigQuery
                  </span>
                  <span
                    class="tech-tag"
                  >
                    PostgreSQL
                  </span>
                  <span
                    class="tech-tag"
                  >
                    SQL Server
                  </span>
                </div>
              </div>
              <div
                class="tech-category"
              >
                <h4>
                  Frameworks & Tools
                </h4>
                <div
                  class="tech-tags"
                >
                  <span
                    class="tech-tag"
                  >
                    Apache Flink
                  </span>
                  <span
                    class="tech-tag"
                  >
                    Apache Airflow
                  </span>
                  <span
                    class="tech-tag"
                  >
                    FastAPI
                  </span>
                  <span
                    class="tech-tag"
                  >
                    Django
                  </span>
                  <span
                    class="tech-tag"
                  >
                    dbt
                  </span>
                  <span
                    class="tech-tag"
                  >
                    Docker
                  </span>
                  <span
                    class="tech-tag"
                  >
                    Kubernetes
                  </span>
                </div>
              </div>
              <div
                class="tech-category"
              >
                <h4>
                  Cloud Platforms
                </h4>
                <div
                  class="tech-tags"
                >
                  <span
                    class="tech-tag"
                  >
                    AWS
                  </span>
                  <span
                    class="tech-tag"
                  >
                    Azure
                  </span>
                  <span
                    class="tech-tag"
                  >
                    GitHub Actions
                  </span>
                </div>
              </div>
            </div>
          </div>
        </div>
      </div>
    </section>
    <section
      class="section"
      id="experience"
    >
      <div
        class="container"
      >
        <h2
          class="section-title"
        >
          Professional Experience
        </h2>
        <div
          class="timeline"
        >
          <div
            class="timeline-item"
          >
            <div
              class="timeline-marker"
            />
            <div
              class="timeline-content"
            >
              <div
                class="job-header"
              >
                <h3>
                  The Walt Disney Company
                </h3>
                <span
                  class="job-title"
                >
                  Senior Data Engineer
                </span>
              </div>
              <p
                class="job-date"
              >
                July 2024 – Present (Full-Time from May 2025)
              </p>
              <ul
                class="job-achievements"
              >
                <li>
                  Improve event-based data query performance by 
                  <strong>
                    30%
                  </strong>
                   through advanced Snowflake optimization techniques
                </li>
                <li>
                  Implement comprehensive Snowflake cost management strategies, reducing compute costs while maintaining performance SLAs
                </li>
                <li>
                  Design and deploy real-time data pipelines using 
                  <strong>
                    Apache Flink
                  </strong>
                   for streaming analytics
                </li>
                <li>
                  Execute performance tuning initiatives including clustering strategies, query optimization, and warehouse sizing
                </li>
                <li>
                  Build and maintain data models for ML workflows, ensuring SLA adherence
                </li>
                <li>
                  Orchestrate data ingestion workflows using Apache Airflow with enhanced monitoring and visibility
                </li>
              </ul>
            </div>
          </div>
          <div
            class="timeline-item"
          >
            <div
              class="timeline-marker"
            />
            <div
              class="timeline-content"
            >
              <div
                class="job-header"
              >
                <h3>
                  SAVVBI
                </h3>
                <span
                  class="job-title"
                >
                  Senior Data Engineer
                </span>
              </div>
              <p
                class="job-date"
              >
                June 2023 – July 2024
              </p>
              <ul
                class="job-achievements"
              >
                <li>
                  Architected full-stack data solutions: ingestion, modeling, visualization
                </li>
                <li>
                  Built real-time event-driven reporting with 
                  <strong>
                    &lt;2-minute latency
                  </strong>
                </li>
                <li>
                  Scaled batch/streaming pipelines handling thousands of daily events
                </li>
                <li>
                  Created comprehensive data-validation alerts and dashboards
                </li>
                <li>
                  Mentored engineers in scalable pipeline design and monitoring
                </li>
              </ul>
            </div>
          </div>
          <div
            class="timeline-item"
          >
            <div
              class="timeline-marker"
            />
            <div
              class="timeline-content"
            >
              <div
                class="job-header"
              >
                <h3>
                  VIVBI
                </h3>
                <span
                  class="job-title"
                >
                  Senior Data Engineer
                </span>
              </div>
              <p
                class="job-date"
              >
                January 2018 – June 2023
              </p>
              <ul
                class="job-achievements"
              >
                <li>
                  Built FastAPI ingestion platform on Azure handling 
                  <strong>
                    2M+ requests/month
                  </strong>
                </li>
                <li>
                  Integrated with FB, Google Ads, AdRoll APIs—saving 
                  <strong>
                    200+ hrs/month
                  </strong>
                </li>
                <li>
                  Deployed services via Docker, GitHub Actions, AWS/Azure
                </li>
                <li>
                  Built MS Dynamics & POS integration pipelines syncing 
                  <strong>
                    5M+ rows/month
                  </strong>
                </li>
                <li>
                  Developed client-facing iOS app using Retool, AWS, Postgres, Lambda
                </li>
                <li>
                  Managed SQL transformations across multiple platforms
                </li>
              </ul>
            </div>
          </div>
        </div>
      </div>
    </section>
    <section
      class="section section-alt"
      id="projects"
    >
      <div
        class="container"
      >
        <h2
          class="section-title"
        >
          Data Projects & Open Source
        </h2>
        <div
          class="project-grid"
        >
          <div
            class="project-card"
          >
            <div
              class="project-icon"
            >
              📦
            </div>
            <h3>
              paged-list
            </h3>
            <p>
              <strong>
                Developed and published
              </strong>
               an open-source Python package for efficient pagination:
            </p>
            <ul
              class="project-features"
            >
              <li>
                Streamlined static list pagination for large datasets
              </li>
              <li>
                Published on PyPI with comprehensive documentation
              </li>
              <li>
                Actively maintained with regular updates
              </li>
            </ul>
            <a
              class="project-link"
              href="https://pypi.org/project/paged-list/"
            >
              View on PyPI →
            </a>
          </div>
          <div
            class="project-card"
          >
            <div
              class="project-icon"
            >
              🚀
            </div>
            <h3>
              Real-Time Analytics Pipeline
            </h3>
            <p>
              <strong>
                Designed and deployed
              </strong>
               enterprise streaming architecture:
            </p>
            <ul
              class="project-features"
            >
              <li>
                Reduced event processing latency to under 2 minutes
              </li>
              <li>
                Built custom Apache Flink operators for Snowflake integration
              </li>
              <li>
                Achieved 30% query performance improvement
              </li>
              <li>
                Processed millions of events daily with 99.9% uptime
              </li>
            </ul>
            <a
              class="project-link"
              href="portfolio/data-engineering-portfolio.html"
            >
              View Public Projects →
            </a>
          </div>
          <div
            class="project-card"
          >
            <div
              class="project-icon"
            >
              🔄
            </div>
            <h3>
              Multi-Source Data Platform
            </h3>
            <p>
              <strong>
                Architected and built
              </strong>
               FastAPI-based integration platform:
            </p>
            <ul
              class="project-features"
            >
              <li>
                Handles 2M+ API requests per month
              </li>
              <li>
                Integrated Facebook, Google Ads, and AdRoll APIs
              </li>
              <li>
                Saved 200+ manual hours monthly through automation
              </li>
              <li>
                Deployed on Azure with auto-scaling capabilities
              </li>
            </ul>
            <a
              class="project-link"
              href="portfolio/data-engineering-portfolio.html"
            >
              View Case Study →
            </a>
          </div>
          <div
            class="project-card"
          >
            <div
              class="project-icon"
            >
              📝
            </div>
            <h3>
              Technical Blog
            </h3>
            <p>
              <strong>
                Share insights
              </strong>
               on data engineering best practices:
            </p>
            <ul
              class="project-features"
            >
              <li>
                Real-world implementation guides
              </li>
              <li>
                Performance optimization techniques
              </li>
              <li>
                Cloud cost reduction strategies
              </li>
            </ul>
            <a
              class="project-link"
              href="blog/index.html"
            >
              Read Blog →
            </a>
          </div>
          <div
            class="project-card"
          >
            <div
              class="project-icon"
            >
              💼
            </div>
            <h3>
              Enterprise Data Sync
            </h3>
            <p>
              <strong>
                Implemented robust
              </strong>
               ETL pipeline for retail systems:
            </p>
            <ul
              class="project-features"
            >
              <li>
                Syncs 5M+ rows monthly between MS Dynamics and POS
              </li>
              <li>
                Achieved 99.9% reliability with error handling
              </li>
              <li>
                Built comprehensive monitoring and alerting
              </li>
            </ul>
            <a
              class="project-link"
              href="portfolio/data-engineering-portfolio.html"
            >
              View Portfolio →
            </a>
          </div>
          <div
            class="project-card"
          >
            <div
              class="project-icon"
            >
              🛠️
            </div>
            <h3>
              Technical Skills
            </h3>
            <p>
              <strong>
                Comprehensive overview
              </strong>
               of my technical expertise:
            </p>
            <ul
              class="project-features"
            >
              <li>
                40+ technologies and platforms
              </li>
              <li>
                Cloud, streaming, and orchestration tools
              </li>
              <li>
                Detailed proficiency levels and use cases
              </li>
            </ul>
            <a
              class="project-link"
              href="skills.html"
            >
              View Skills →
            </a>
          </div>
        </div>
      </div>
    </section>
    <section
      class="section"
      id="education"
    >
      <div
        class="container"
      >
        <h2
          class="section-title"
        >
          Education
        </h2>
        <div
          class="education-full-width"
        >
          <div
            class="education-main-card"
          >
            <div
              class="education-header"
            >
              <div
                class="education-icon"
              >
                🎓
              </div>
              <div
                class="education-details"
              >
                <h3>
                  Bachelor of Science in Economics
                </h3>
                <p
                  class="education-institution"
                >
                  University of Utah
                </p>
                <p
                  class="education-date"
                >
                  Graduated May 2017
                </p>
                <span
                  class="education-minor"
                >
                  Minor in Business
                </span>
              </div>
            </div>
            <div
              class="education-coursework"
            >
              <h4>
                Relevant Coursework
              </h4>
              <div
                class="coursework-grid"
              >
                <div
                  class="coursework-category"
                >
                  <h5>
                    Core Economics & Statistics
                  </h5>
                  <ul>
                    <li>
                      Econometrics and statistical analysis of economic data
                    </li>
                    <li>
                      Bayesian statistics and probability modeling
                    </li>
                    <li>
                      Linear and predictive modeling techniques
                    </li>
                  </ul>
                </div>
                <div
                  class="coursework-category"
                >
                  <h5>
                    Applied Data Analysis
                  </h5>
                  <ul>
                    <li>
                      Statistical programming and data visualization in R
                    </li>
                    <li>
                      Multivariate regression analysis and time series modeling
                    </li>
                    <li>
                      Economic research methodology and data collection
                    </li>
                  </ul>
                </div>
              </div>
            </div>
          </div>
        </div>
      </div>
    </section>
    <section
      class="section section-cta"
      id="contact"
    >
      <div
        class="container"
      >
        <h2
          class="section-title"
        >
          Let's Connect
        </h2>
        <p
          class="contact-intro"
        >
          While I'm currently fully engaged at The Walt Disney Company and not available for hire, I highly recommend 
          <a
            class="inline-link"
            href="https://savvbi.com"
          >
            SAVVBI
          </a>
           for your AI and data engineering needs. They excel at:
        </p>
        <div
          class="services-grid"
        >
          <div
            class="service-item"
          >
            <span
              class="service-icon"
            >
              🤖
            </span>
            <span>
              AI & Machine Learning Solutions
            </span>
          </div>
          <div
            class="service-item"
          >
            <span
              class="service-icon"
            >
              ⚡
            </span>
            <span>
              Scalable Data Pipelines
            </span>
          </div>
          <div
            class="service-item"
          >
            <span
              class="service-icon"
            >
              📊
            </span>
            <span>
              Real-time Data Processing
            </span>
          </div>
          <div
            class="service-item"
          >
            <span
              class="service-icon"
            >
              🔧
            </span>
            <span>
              Data Infrastructure Optimization
            </span>
          </div>
          <div
            class="service-item"
          >
            <span
              class="service-icon"
            >
              💰
            </span>
            <span>
              Cloud Cost Optimization
            </span>
          </div>
          <div
            class="service-item"
          >
            <span
              class="service-icon"
            >
              📈
            </span>
            <span>
              Advanced Analytics
            </span>
          </div>
          <div
            class="service-item"
          >
            <span
              class="service-icon"
            >
              🔒
            </span>
            <span>
              Data Security & Compliance
            </span>
          </div>
          <div
            class="service-item"
          >
            <span
              class="service-icon"
            >
              🎯
            </span>
            <span>
              MLOps & Model Deployment
            </span>
          </div>
        </div>
        <div
          class="recommendation-box"
        >
          <p
            class="recommendation-text"
          >
            <strong>
              Looking for expert data engineering services?
            </strong>
            <br />
            I recommend reaching out to 
            <a
              class="inline-link"
              href="https://savvbi.com"
            >
              SAVVBI
            </a>
             - they have an exceptional team capable of delivering enterprise-grade AI and data engineering solutions.
          </p>
        </div>
        <div
          class="contact-icons"
        >
          <a
            aria-label="Email"
            class="contact-icon-link"
            href="mailto:contact@christensendaniel.com"
          >
            <svg
              class="contact-icon"
              fill="none"
              viewBox="0 0 24 24"
              xmlns="http://www.w3.org/2000/svg"
            >
              <path
                d="M20 4H4C2.9 4 2 4.9 2 6V18C2 19.1 2.9 20 4 20H20C21.1 20 22 19.1 22 18V6C22 4.9 21.1 4 20 4ZM20 8L12 13L4 8V6L12 11L20 6V8Z"
                fill="currentColor"
              />
            </svg>
            <span>
              Email
            </span>
          </a>
          <a
            aria-label="LinkedIn"
            class="contact-icon-link"
            href="https://linkedin.com/in/dbchristensen"
          >
            <svg
              class="contact-icon"
              fill="none"
              viewBox="0 0 24 24"
              xmlns="http://www.w3.org/2000/svg"
            >
              <path
                d="M19 3C19.5304 3 20.0391 3.21071 20.4142 3.58579C20.7893 3.96086 21 4.46957 21 5V19C21 19.5304 20.7893 20.0391 20.4142 20.4142C20.0391 20.7893 19.5304 21 19 21H5C4.46957 21 3.96086 20.7893 3.58579 20.4142C3.21071 20.0391 3 19.5304 3 19V5C3 4.46957 3.21071 3.96086 3.58579 3.58579C3.96086 3.21071 4.46957 3 5 3H19ZM18.5 18.5V13.2C18.5 12.3354 18.1565 11.5062 17.5452 10.8948C16.9338 10.2835 16.1046 9.94 15.24 9.94C14.39 9.94 13.4 10.46 12.92 11.24V10.13H10.13V18.5H12.92V13.57C12.92 12.8 13.54 12.17 14.31 12.17C14.6813 12.17 15.0374 12.3175 15.2999 12.5801C15.5625 12.8426 15.71 13.1987 15.71 13.57V18.5H18.5ZM6.88 8.56C7.32556 8.56 7.75288 8.383 8.06794 8.06794C8.383 7.75288 8.56 7.32556 8.56 6.88C8.56 5.95 7.81 5.19 6.88 5.19C6.43178 5.19 6.00193 5.36805 5.68499 5.68499C5.36805 6.00193 5.19 6.43178 5.19 6.88C5.19 7.81 5.95 8.56 6.88 8.56ZM8.27 18.5V10.13H5.5V18.5H8.27Z"
                fill="currentColor"
              />
            </svg>
            <span>
              LinkedIn
            </span>
          </a>
          <a
            aria-label="GitHub"
            class="contact-icon-link"
            href="https://github.com/christensendaniel"
          >
            <svg
              class="contact-icon"
              fill="none"
              viewBox="0 0 24 24"
              xmlns="http://www.w3.org/2000/svg"
            >
              <path
                d="M12 2C6.477 2 2 6.477 2 12C2 16.42 4.865 20.17 8.839 21.5C9.339 21.592 9.521 21.282 9.521 21.012C9.521 20.772 9.513 20.144 9.508 19.316C6.726 19.92 6.139 17.992 6.139 17.992C5.685 16.834 5.029 16.526 5.029 16.526C4.122 15.906 5.098 15.918 5.098 15.918C6.101 15.988 6.629 16.95 6.629 16.95C7.521 18.48 8.97 18.04 9.539 17.782C9.631 17.135 9.889 16.694 10.175 16.422C7.955 16.147 5.62 15.286 5.62 11.443C5.62 10.351 6.01 9.463 6.649 8.773C6.546 8.498 6.203 7.483 6.747 6.108C6.747 6.108 7.587 5.818 9.497 7.132C10.31 6.909 11.175 6.798 12.037 6.794C12.899 6.798 13.765 6.909 14.579 7.132C16.487 5.818 17.326 6.108 17.326 6.108C17.871 7.483 17.528 8.498 17.425 8.773C18.065 9.463 18.453 10.351 18.453 11.443C18.453 15.296 16.113 16.145 13.887 16.414C14.243 16.741 14.565 17.388 14.565 18.377C14.565 19.765 14.553 20.887 14.553 21.012C14.553 21.284 14.733 21.597 15.242 21.499C19.213 20.167 22.077 16.418 22.077 12C22.077 6.477 17.523 2 12 2Z"
                fill="currentColor"
              />
            </svg>
            <span>
              GitHub
            </span>
          </a>
          <a
            aria-label="PyPI"
            class="contact-icon-link"
            href="https://pypi.org/project/paged-list/"
          >
            <svg
              class="contact-icon"
              fill="none"
              viewBox="0 0 24 24"
              xmlns="http://www.w3.org/2000/svg"
            >
              <path
                d="M12 2L2 7V12C2 16.55 4.84 20.74 9 22C9.35 21.91 9.72 21.8 10.08 21.66L12 13.5L13.92 21.66C14.28 21.8 14.65 21.91 15 22C19.16 20.74 22 16.55 22 12V7L12 2ZM12 4.18L19.5 7.86V12C19.5 13.91 18.98 15.67 18.1 17.15L12 11.5L5.9 17.15C5.02 15.67 4.5 13.91 4.5 12V7.86L12 4.18Z"
                fill="currentColor"
              />
            </svg>
            <span>
              PyPI
            </span>
          </a>
          <a
            aria-label="Medium"
            class="contact-icon-link"
            href="https://medium.com/@christensen-danielb"
          >
            <svg
              class="contact-icon"
              fill="none"
              viewBox="0 0 24 24"
              xmlns="http://www.w3.org/2000/svg"
            >
              <path
                d="M13.54 12C13.54 14.78 11.08 17.04 8 17.04C4.92 17.04 2.46 14.78 2.46 12C2.46 9.22 4.92 6.96 8 6.96C11.08 6.96 13.54 9.22 13.54 12ZM20.96 12C20.96 14.62 19.74 16.75 18.23 16.75C16.72 16.75 15.5 14.62 15.5 12C15.5 9.38 16.72 7.25 18.23 7.25C19.74 7.25 20.96 9.38 20.96 12ZM24 12C24 14.33 23.61 16.22 23.12 16.22C22.63 16.22 22.24 14.33 22.24 12C22.24 9.67 22.63 7.78 23.12 7.78C23.61 7.78 24 9.67 24 12Z"
                fill="currentColor"
              />
            </svg>
            <span>
              Medium
            </span>
          </a>
        </div>
        <p
          class="contact-cta"
        >
          Feel free to connect with me on 
          <strong>
            <a
              class="cta-link"
              href="https://linkedin.com/in/dbchristensen"
            >
              LinkedIn
            </a>
          </strong>
           to discuss data engineering, technology trends, or potential open-source collaborations.
        </p>
      </div>
    </section>
  </main>
  <footer
    class="site-footer"
  >
    <div
      class="container"
    >
      <p
        class="footer-text"
      >
        © 2025 Daniel Christensen | 
         
        <a
          class="footer-link"
          href="https://github.com/christensendaniel/christensendaniel.github.io"
        >
          View on GitHub
        </a>
      </p>
    </div>
  </footer>
</div>
`;

exports[`Snapshot Tests Portfolio page snapshot 1`] = `
<div>
  <main>
    <header
      class="portfolio-header"
    >
      <div
        class="container"
      >
        <h1
          class="portfolio-title"
        >
          Data Engineering Portfolio
        </h1>
        <p
          class="portfolio-subtitle"
        >
          Case Studies & Technical Achievements
        </p>
        <div
          class="portfolio-meta"
        >
          <span>
            7+ Years Experience
          </span>
          <span>
            •
          </span>
          <span>
            Enterprise Scale Solutions
          </span>
          <span>
            •
          </span>
          <span>
            Proven Results
          </span>
        </div>
      </div>
    </header>
    <nav
      class="main-nav"
    >
      <div
        class="container"
      >
        <ul
          class="nav-list"
        >
          <li>
            <a
              class="nav-link"
              href="/"
            >
              ← Back to Home
            </a>
          </li>
          <li>
            <a
              class="nav-link"
              href="#case-studies"
            >
              Case Studies
            </a>
          </li>
          <li>
            <a
              class="nav-link"
              href="#technical"
            >
              Technical Deep Dives
            </a>
          </li>
          <li>
            <a
              class="nav-link"
              href="#open-source"
            >
              Open Source
            </a>
          </li>
          <li>
            <a
              class="nav-link"
              href="#skills"
            >
              Skills & Tech
            </a>
          </li>
        </ul>
        <button
          aria-label="Toggle dark mode"
          class="theme-toggle"
          id="theme-toggle"
        >
          <span
            class="theme-toggle-icon"
          >
            🌙
          </span>
        </button>
      </div>
    </nav>
    <section
      class="section"
      id="summary"
    >
      <div
        class="container"
      >
        <h2
          class="section-title"
        >
          Summary
        </h2>
        <p>
          I specialize in designing robust data pipelines, real-time streaming architectures, and full-stack analytics solutions. My work spans data ingestion, modeling, orchestration, cloud deployment, and visualization—delivering end-to-end systems that power business intelligence and ML workflows.
        </p>
      </div>
    </section>
    <section
      class="section"
      id="case-studies"
    >
      <div
        class="container"
      >
        <h2
          class="section-title"
        >
          Case Studies & Technical Achievements
        </h2>
        <div
          class="case-studies-grid"
        >
          <div
            class="case-study-card highlight"
          >
            <div
              class="case-study-icon"
            >
              🚀
            </div>
            <h3>
              High-Performance Event Processing at Disney
            </h3>
            <ul>
              <li>
                <strong>
                  Challenge:
                </strong>
                 Slow query performance on event-based data impacting downstream analytics
              </li>
              <li>
                <strong>
                  Solution:
                </strong>
                 Redesigning data models and optimizing Snowflake queries
              </li>
              <li>
                <strong>
                  Impact:
                </strong>
                 30% performance improvement, significant cost reduction
              </li>
              <li>
                <strong>
                  Technologies:
                </strong>
                 Snowflake, Python, Apache Airflow, SQL
              </li>
            </ul>
          </div>
          <div
            class="case-study-card"
          >
            <div
              class="case-study-icon"
            >
              📊
            </div>
            <h3>
              Real-Time Reporting Infrastructure
            </h3>
            <ul>
              <li>
                <strong>
                  Challenge:
                </strong>
                 Business needed near real-time visibility into operational metrics
              </li>
              <li>
                <strong>
                  Solution:
                </strong>
                 Built event-driven pipeline with streaming architecture
              </li>
              <li>
                <strong>
                  Impact:
                </strong>
                 Sub-2-minute data latency from source to dashboard
              </li>
              <li>
                <strong>
                  Technologies:
                </strong>
                 Apache Kafka, Python, PostgreSQL, Metabase
              </li>
            </ul>
          </div>
          <div
            class="case-study-card"
          >
            <div
              class="case-study-icon"
            >
              🔄
            </div>
            <h3>
              Multi-Source Data Integration Platform
            </h3>
            <ul>
              <li>
                <strong>
                  Challenge:
                </strong>
                 Manual reporting consuming 200+ hours monthly across marketing channels
              </li>
              <li>
                <strong>
                  Solution:
                </strong>
                 Built FastAPI platform integrating FB, Google Ads, AdRoll APIs
              </li>
              <li>
                <strong>
                  Impact:
                </strong>
                 Fully automated reporting, 2M+ requests/month capacity
              </li>
              <li>
                <strong>
                  Technologies:
                </strong>
                 FastAPI, Azure, Python, REST APIs, Docker
              </li>
            </ul>
          </div>
          <div
            class="case-study-card"
          >
            <div
              class="case-study-icon"
            >
              💼
            </div>
            <h3>
              Enterprise Data Synchronization
            </h3>
            <ul>
              <li>
                <strong>
                  Challenge:
                </strong>
                 Sync millions of rows between MS Dynamics and POS systems
              </li>
              <li>
                <strong>
                  Solution:
                </strong>
                 Designed robust ETL pipeline with error handling and monitoring
              </li>
              <li>
                <strong>
                  Impact:
                </strong>
                 5M+ rows synced monthly with 99.9% reliability
              </li>
              <li>
                <strong>
                  Technologies:
                </strong>
                 SQL Server, Python, Airflow, Azure
              </li>
            </ul>
          </div>
        </div>
      </div>
    </section>
    <section
      class="section section-alt"
      id="technical"
    >
      <div
        class="container"
      >
        <h2
          class="section-title"
        >
          Technical Deep Dives
        </h2>
        <ul>
          <li>
            <strong>
              Pipeline Architecture Patterns:
            </strong>
             
            <em>
              Coming soon
            </em>
          </li>
          <li>
            <strong>
              Cost Optimization Strategies:
            </strong>
             
            <em>
              Coming soon
            </em>
          </li>
          <li>
            <strong>
              Data Quality Framework:
            </strong>
             
            <em>
              Coming soon
            </em>
          </li>
        </ul>
      </div>
    </section>
    <section
      class="section"
      id="open-source"
    >
      <div
        class="container"
      >
        <h2
          class="section-title"
        >
          Open Source Contributions
        </h2>
        <div
          class="open-source-card"
        >
          <div
            class="os-header"
          >
            <h3>
              📦 paged-list
            </h3>
            <div
              class="os-badges"
            >
              <span
                class="badge badge-pypi"
              >
                PyPI Package
              </span>
              <span
                class="badge badge-python"
              >
                Python 3.6+
              </span>
            </div>
          </div>
          <div
            class="os-content"
          >
            <p>
              <strong>
                Description:
              </strong>
               Python package for efficient static pagination and listing functionality
            </p>
            <p>
              <strong>
                Usage:
              </strong>
               
              <code>
                pip install paged-list
              </code>
            </p>
            <div
              class="os-links"
            >
              <a
                class="btn btn-primary"
                href="https://pypi.org/project/paged-list/"
              >
                View on PyPI
              </a>
              <a
                class="btn btn-secondary"
                href="https://github.com/christensendaniel/paged-list"
              >
                GitHub Repository
              </a>
            </div>
          </div>
        </div>
      </div>
    </section>
    <section
      class="section section-alt"
      id="skills"
    >
      <div
        class="container"
      >
        <h2
          class="section-title"
        >
          Skills & Technologies
        </h2>
        <div
          class="skills-matrix"
        >
          <div
            class="skill-category"
          >
            <h3>
              Core Competencies
            </h3>
            <p>
              Full-Stack Data Engineering | Batch & Streaming Pipelines | Data Integration | Data Modeling | Real-Time Analytics | API Development | BI Dashboards
            </p>
          </div>
          <div
            class="skill-category"
          >
            <h3>
              Languages & Frameworks
            </h3>
            <p>
              Python, SQL, Java, Bash, R | FastAPI, Flask, Django | dbt
            </p>
          </div>
          <div
            class="skill-category"
          >
            <h3>
              Data Pipelines & Orchestration
            </h3>
            <p>
              Apache Airflow | Apache Flink (real-time streaming) | Custom ETL/ELT pipelines in Python
            </p>
          </div>
          <div
            class="skill-category"
          >
            <h3>
              Data Formats
            </h3>
            <p>
              Parquet, Avro, ORC, JSON
            </p>
          </div>
          <div
            class="skill-category"
          >
            <h3>
              Streaming & Messaging
            </h3>
            <p>
              Kafka, AWS SQS, Azure Event Hubs, AWS Kinesis
            </p>
          </div>
          <div
            class="skill-category"
          >
            <h3>
              APIs & Integrations
            </h3>
            <p>
              Built custom connectors for Facebook Ads, Google Ads, HubSpot, Keap, ClickFunnels, AdRoll, Wicked Reports, LiveIntent | Implemented OAuth 2.0 flows for secure integrations
            </p>
          </div>
          <div
            class="skill-category"
          >
            <h3>
              Visualization & BI Tools
            </h3>
            <p>
              Metabase, Tableau, Looker, Power BI, Domo | Matplotlib, Plotly, Dash | Built custom dashboards for analytics & monitoring
            </p>
          </div>
          <div
            class="skill-category"
          >
            <h3>
              Cloud Platforms
            </h3>
            <p>
              AWS (Lambda, S3, ECS, Fargate, ECR, EC2, Kinesis) | Azure (App Service, AKS, Event Hubs, Azure ML) | Kubernetes, Docker
            </p>
          </div>
          <div
            class="skill-category"
          >
            <h3>
              CI/CD & DevOps
            </h3>
            <p>
              GitHub Actions, Azure DevOps | Automated deployments for microservices & pipelines
            </p>
          </div>
          <div
            class="skill-category"
          >
            <h3>
              Monitoring & Observability
            </h3>
            <p>
              DataDog, CloudWatch | Custom alerting and observability dashboards
            </p>
          </div>
        </div>
      </div>
    </section>
  </main>
  <footer
    class="site-footer"
  >
    <div
      class="container"
    >
      <p
        class="footer-text"
      >
        © 2025 Daniel Christensen | 
         
        <a
          class="footer-link"
          href="https://github.com/christensendaniel/christensendaniel.github.io"
        >
          View on GitHub
        </a>
      </p>
    </div>
  </footer>
</div>
`;

exports[`Snapshot Tests Skills page snapshot 1`] = `
<div>
  <nav
    class="main-nav"
  >
    <div
      class="container"
    >
      <ul
        class="nav-list"
      >
        <li>
          <a
            class="nav-link"
            href="/#about"
          >
            About Me
          </a>
        </li>
        <li>
          <a
            class="nav-link"
            href="/#expertise"
          >
            Core Expertise
          </a>
        </li>
        <li>
          <a
            class="nav-link"
            href="/#experience"
          >
            Experience
          </a>
        </li>
        <li>
          <a
            class="nav-link"
            href="/#projects"
          >
            Data Projects
          </a>
        </li>
        <li>
          <a
            class="nav-link"
            href="/blog"
          >
            Tech Blog
          </a>
        </li>
        <li>
          <a
            class="nav-link"
            href="/#contact"
          >
            Contact
          </a>
        </li>
      </ul>
      <button
        aria-label="Toggle dark mode"
        class="theme-toggle"
        id="theme-toggle"
      >
        <span
          class="theme-toggle-icon"
        >
          🌙
        </span>
      </button>
    </div>
  </nav>
  <main>
    <header
      class="page-header"
    >
      <div
        class="container"
      >
        <h1
          class="page-title"
        >
          Technical Skills & Expertise
        </h1>
        <p
          class="page-subtitle"
        >
          Full-stack data engineering capabilities across modern technologies and platforms
        </p>
      </div>
    </header>
    <nav
      class="main-nav"
    >
      <div
        class="container"
      >
        <ul
          class="nav-list"
        >
          <li>
            <a
              class="nav-link"
              href="/"
            >
              ← Back to Home
            </a>
          </li>
          <li>
            <a
              class="nav-link"
              href="#programming"
            >
              Programming
            </a>
          </li>
          <li>
            <a
              class="nav-link"
              href="#data-platforms"
            >
              Data Platforms
            </a>
          </li>
          <li>
            <a
              class="nav-link"
              href="#cloud"
            >
              Cloud & DevOps
            </a>
          </li>
          <li>
            <a
              class="nav-link"
              href="#tools"
            >
              Tools & Frameworks
            </a>
          </li>
        </ul>
        <button
          aria-label="Toggle dark mode"
          class="theme-toggle"
          id="theme-toggle"
        >
          <span
            class="theme-toggle-icon"
          >
            🌙
          </span>
        </button>
      </div>
    </nav>
    <main>
      <section
        class="section"
        id="programming"
      >
        <div
          class="container"
        >
          <h2
            class="section-title"
          >
            Programming & Development
          </h2>
          <div
            class="skills-grid"
          >
            <div
              class="skill-card"
            >
              <h3
                class="skill-category"
              >
                Core Languages
              </h3>
              <div
                class="skill-technologies"
              >
                Python, SQL, JavaScript, Java, Bash, R
              </div>
              <p
                class="skill-notes"
              >
                7+ years Python expertise with focus on data engineering, ETL/ELT pipelines, and API development. Advanced SQL optimization for complex analytical queries.
              </p>
            </div>
            <div
              class="skill-card"
            >
              <h3
                class="skill-category"
              >
                Web Frameworks
              </h3>
              <div
                class="skill-technologies"
              >
                FastAPI, Flask, Django, Express.js
              </div>
              <p
                class="skill-notes"
              >
                Built production APIs handling 2M+ requests/month. REST API design, OAuth 2.0 implementation, and microservices architecture.
              </p>
            </div>
            <div
              class="skill-card"
            >
              <h3
                class="skill-category"
              >
                Data Processing
              </h3>
              <div
                class="skill-technologies"
              >
                Pandas, NumPy, PySpark, Dask, Polars
              </div>
              <p
                class="skill-notes"
              >
                Large-scale data manipulation and transformation. Optimized processing for datasets with billions of records.
              </p>
            </div>
          </div>
        </div>
      </section>
      <section
        class="section section-alt"
        id="data-platforms"
      >
        <div
          class="container"
        >
          <h2
            class="section-title"
          >
            Data Platforms & Warehouses
          </h2>
          <div
            class="skills-grid"
          >
            <div
              class="skill-card highlight"
            >
              <h3
                class="skill-category"
              >
                Cloud Data Warehouses
              </h3>
              <div
                class="skill-technologies"
              >
                Snowflake, BigQuery, Redshift, Azure Synapse
              </div>
              <p
                class="skill-notes"
              >
                Expert in Snowflake optimization - achieved 30% performance improvements. Clustering strategies, warehouse sizing, and cost management.
              </p>
            </div>
            <div
              class="skill-card"
            >
              <h3
                class="skill-category"
              >
                Databases
              </h3>
              <div
                class="skill-technologies"
              >
                PostgreSQL, MySQL, SQL Server, MongoDB, DynamoDB, Redis
              </div>
              <p
                class="skill-notes"
              >
                Relational and NoSQL database design. Query optimization, indexing strategies, and performance tuning.
              </p>
            </div>
            <div
              class="skill-card"
            >
              <h3
                class="skill-category"
              >
                Streaming Platforms
              </h3>
              <div
                class="skill-technologies"
              >
                Apache Kafka, AWS Kinesis, Azure Event Hubs, Apache Pulsar
              </div>
              <p
                class="skill-notes"
              >
                Real-time data streaming architectures with sub-2-minute latency. Event-driven systems and stream processing.
              </p>
            </div>
            <div
              class="skill-card"
            >
              <h3
                class="skill-category"
              >
                Processing Engines
              </h3>
              <div
                class="skill-technologies"
              >
                Apache Flink, Apache Spark, Apache Beam, Databricks
              </div>
              <p
                class="skill-notes"
              >
                Distributed computing for batch and stream processing. Built production Flink pipelines for real-time analytics.
              </p>
            </div>
          </div>
        </div>
      </section>
      <section
        class="section"
        id="cloud"
      >
        <div
          class="container"
        >
          <h2
            class="section-title"
          >
            Cloud Platforms & DevOps
          </h2>
          <div
            class="skills-grid"
          >
            <div
              class="skill-card"
            >
              <h3
                class="skill-category"
              >
                AWS Services
              </h3>
              <div
                class="skill-technologies"
              >
                Lambda, S3, ECS, Fargate, ECR, EC2, Kinesis, Glue, Athena, RDS
              </div>
              <p
                class="skill-notes"
              >
                Serverless architectures, container orchestration, and data lake solutions. Cost-optimized cloud deployments.
              </p>
            </div>
            <div
              class="skill-card"
            >
              <h3
                class="skill-category"
              >
                Azure Services
              </h3>
              <div
                class="skill-technologies"
              >
                App Service, AKS, Event Hubs, Azure ML, Data Factory, Functions
              </div>
              <p
                class="skill-notes"
              >
                Enterprise Azure deployments. Built production FastAPI platforms on Azure handling millions of requests.
              </p>
            </div>
            <div
              class="skill-card"
            >
              <h3
                class="skill-category"
              >
                Containerization & Orchestration
              </h3>
              <div
                class="skill-technologies"
              >
                Docker, Kubernetes, Helm, Docker Compose
              </div>
              <p
                class="skill-notes"
              >
                Containerized microservices deployment. Multi-stage Docker builds and K8s cluster management.
              </p>
            </div>
            <div
              class="skill-card"
            >
              <h3
                class="skill-category"
              >
                CI/CD & IaC
              </h3>
              <div
                class="skill-technologies"
              >
                GitHub Actions, Azure DevOps, Terraform, CloudFormation, Ansible
              </div>
              <p
                class="skill-notes"
              >
                Automated deployment pipelines. Infrastructure as Code for reproducible environments.
              </p>
            </div>
          </div>
        </div>
      </section>
      <section
        class="section section-alt"
        id="tools"
      >
        <div
          class="container"
        >
          <h2
            class="section-title"
          >
            Tools & Frameworks
          </h2>
          <div
            class="skills-grid"
          >
            <div
              class="skill-card"
            >
              <h3
                class="skill-category"
              >
                Orchestration & Workflow
              </h3>
              <div
                class="skill-technologies"
              >
                Apache Airflow, Prefect, Dagster, Luigi, Argo Workflows
              </div>
              <p
                class="skill-notes"
              >
                Complex DAG design and workflow orchestration. Production Airflow deployments with custom operators.
              </p>
            </div>
            <div
              class="skill-card"
            >
              <h3
                class="skill-category"
              >
                Data Transformation
              </h3>
              <div
                class="skill-technologies"
              >
                dbt, Apache NiFi, Talend, Apache Hop
              </div>
              <p
                class="skill-notes"
              >
                ELT/ETL pipeline development. Data modeling and transformation at scale.
              </p>
            </div>
            <div
              class="skill-card"
            >
              <h3
                class="skill-category"
              >
                API Integrations
              </h3>
              <div
                class="skill-technologies"
              >
                Facebook Ads, Google Ads, HubSpot, Salesforce, Stripe, Twilio
              </div>
              <p
                class="skill-notes"
              >
                Built custom connectors and OAuth flows. Saved 200+ hours/month through API automation.
              </p>
            </div>
            <div
              class="skill-card"
            >
              <h3
                class="skill-category"
              >
                Visualization & BI
              </h3>
              <div
                class="skill-technologies"
              >
                Metabase, Tableau, Looker, Power BI, Grafana, Plotly, D3.js
              </div>
              <p
                class="skill-notes"
              >
                End-to-end dashboard development. Real-time monitoring and business intelligence solutions.
              </p>
            </div>
            <div
              class="skill-card"
            >
              <h3
                class="skill-category"
              >
                Monitoring & Observability
              </h3>
              <div
                class="skill-technologies"
              >
                DataDog, CloudWatch, Prometheus, ELK Stack, New Relic
              </div>
              <p
                class="skill-notes"
              >
                Production monitoring and alerting. Custom metrics and observability dashboards.
              </p>
            </div>
            <div
              class="skill-card"
            >
              <h3
                class="skill-category"
              >
                Data Formats & Protocols
              </h3>
              <div
                class="skill-technologies"
              >
                Parquet, Avro, ORC, Protocol Buffers, JSON, CSV, XML
              </div>
              <p
                class="skill-notes"
              >
                Optimized data serialization for storage and transmission. Schema evolution and compatibility.
              </p>
            </div>
          </div>
        </div>
      </section>
      <section
        class="section"
        id="certifications"
      >
        <div
          class="container"
        >
          <h2
            class="section-title"
          >
            Professional Development
          </h2>
          <div
            class="skills-grid"
          >
            <div
              class="skill-card cert-card"
            >
              <h3
                class="skill-category"
              >
                Focus Areas
              </h3>
              <div
                class="skill-technologies"
              >
                Real-time Analytics, Cost Optimization, Performance Tuning
              </div>
              <p
                class="skill-notes"
              >
                Continuous learning in emerging data technologies, cloud-native architectures, and ML engineering practices.
              </p>
            </div>
            <div
              class="skill-card cert-card"
            >
              <h3
                class="skill-category"
              >
                Industry Expertise
              </h3>
              <div
                class="skill-technologies"
              >
                Entertainment, E-commerce, Marketing Analytics, SaaS
              </div>
              <p
                class="skill-notes"
              >
                Cross-industry experience delivering data solutions for Fortune 500 companies and startups.
              </p>
            </div>
          </div>
        </div>
      </section>
    </main>
  </main>
  <footer
    class="site-footer"
  >
    <div
      class="container"
    >
      <p
        class="footer-text"
      >
        © 2025 Daniel Christensen | 
         
        <a
          class="footer-link"
          href="https://github.com/christensendaniel/christensendaniel.github.io"
        >
          View on GitHub
        </a>
      </p>
    </div>
  </footer>
</div>
`;
